<?xml version="1.0" encoding="utf-8"?><testsuites name="pytest tests"><testsuite name="pytest" errors="0" failures="0" skipped="3" tests="49" time="10.264" timestamp="2026-03-28T19:03:49.506267+05:00" hostname="HAFIZ_QAIM"><testcase classname="tests.test_auth.TestRegister" name="test_register_new_user" time="1.123" /><testcase classname="tests.test_auth.TestRegister" name="test_register_duplicate_email" time="0.009" /><testcase classname="tests.test_auth.TestRegister" name="test_register_invalid_email" time="0.004" /><testcase classname="tests.test_auth.TestLogin" name="test_login_success" time="0.256" /><testcase classname="tests.test_auth.TestLogin" name="test_login_wrong_password" time="0.248" /><testcase classname="tests.test_auth.TestLogin" name="test_login_nonexistent_user" time="0.010" /><testcase classname="tests.test_auth.TestMe" name="test_me_authenticated" time="0.010" /><testcase classname="tests.test_auth.TestMe" name="test_me_unauthenticated" time="0.003" /><testcase classname="tests.test_clinics.TestCreateClinic" name="test_create_clinic" time="0.022" /><testcase classname="tests.test_clinics.TestCreateClinic" name="test_create_clinic_unauthenticated" time="0.004" /><testcase classname="tests.test_clinics.TestListClinics" name="test_list_clinics" time="0.010" /><testcase classname="tests.test_clinics.TestListClinics" name="test_list_clinics_unauthenticated" time="0.002" /><testcase classname="tests.test_clinics.TestGetClinic" name="test_get_clinic_by_id" time="0.008" /><testcase classname="tests.test_clinics.TestGetClinic" name="test_get_clinic_not_found" time="0.008" /><testcase classname="tests.test_clinics.TestGetMyClinic" name="test_get_my_clinic" time="0.007" /><testcase classname="tests.test_clinics.TestUpdateClinic" name="test_update_clinic" time="0.022" /><testcase classname="tests.test_clinics.TestUpdateClinic" name="test_update_clinic_not_found" time="0.009" /><testcase classname="tests.test_clinics.TestDeleteClinic" name="test_delete_clinic" time="0.034" /><testcase classname="tests.test_clinics.TestDeleteClinic" name="test_delete_clinic_not_found" time="0.008" /><testcase classname="tests.test_patients.TestCreatePatient" name="test_create_patient" time="0.023" /><testcase classname="tests.test_patients.TestCreatePatient" name="test_create_patient_unauthenticated" time="0.003" /><testcase classname="tests.test_patients.TestListPatients" name="test_list_patients_filtered_by_tenant" time="0.046"><skipped type="pytest.xfail" message="DB user 'qaim' is a PostgreSQL superuser — RLS policies are bypassed" /></testcase><testcase classname="tests.test_patients.TestGetPatient" name="test_get_patient_own_clinic" time="0.030" /><testcase classname="tests.test_patients.TestGetPatient" name="test_get_patient_cross_tenant_404" time="0.025"><skipped type="pytest.xfail" message="DB user 'qaim' is a PostgreSQL superuser — RLS policies are bypassed" /></testcase><testcase classname="tests.test_patients.TestUpdatePatient" name="test_update_patient" time="0.035" /><testcase classname="tests.test_patients.TestDeletePatient" name="test_delete_patient" time="0.035" /><testcase classname="tests.test_security.TestUnauthenticatedAccess" name="test_protected_returns_401[GET-/api/auth/me]" time="0.002" /><testcase classname="tests.test_security.TestUnauthenticatedAccess" name="test_protected_returns_401[GET-/api/clinics/]" time="0.003" /><testcase classname="tests.test_security.TestUnauthenticatedAccess" name="test_protected_returns_401[POST-/api/clinics/]" time="0.002" /><testcase classname="tests.test_security.TestUnauthenticatedAccess" name="test_protected_returns_401[GET-/api/patients/]" time="0.003" /><testcase classname="tests.test_security.TestUnauthenticatedAccess" name="test_protected_returns_401[POST-/api/patients/]" time="0.003" /><testcase classname="tests.test_security.TestUnauthenticatedAccess" name="test_protected_returns_401[POST-/api/telemetry/ingest]" time="0.005" /><testcase classname="tests.test_security.TestUnauthenticatedAccess" name="test_protected_returns_401[GET-/api/telemetry/readings?patient_id=00000000-0000-0000-0000-000000000000]" time="0.003" /><testcase classname="tests.test_security.TestUnauthenticatedAccess" name="test_protected_returns_401[GET-/api/telemetry/anomalies?patient_id=00000000-0000-0000-0000-000000000000]" time="0.003" /><testcase classname="tests.test_security.TestInvalidTokens" name="test_garbage_token" time="0.003" /><testcase classname="tests.test_security.TestInvalidTokens" name="test_token_signed_with_wrong_key" time="0.003" /><testcase classname="tests.test_security.TestInvalidTokens" name="test_expired_token" time="0.004" /><testcase classname="tests.test_security.TestHealthCheck" name="test_health_no_auth_required" time="2.545" /><testcase classname="tests.test_security.TestHealthCheck" name="test_health_deep_check_fields" time="2.470" /><testcase classname="tests.test_security.TestRBAC" name="test_doctor_cannot_create_clinic" time="0.008" /><testcase classname="tests.test_security.TestRBAC" name="test_admin_can_create_clinic" time="0.018" /><testcase classname="tests.test_security.TestRBAC" name="test_doctor_can_create_patient" time="0.019" /><testcase classname="tests.test_security.TestRBAC" name="test_response_has_request_id" time="2.486" /><testcase classname="tests.test_telemetry.TestIngest" name="test_ingest_normal" time="0.049" /><testcase classname="tests.test_telemetry.TestIngest" name="test_ingest_anomalous" time="0.043" /><testcase classname="tests.test_telemetry.TestIngest" name="test_ingest_unauthenticated" time="0.004" /><testcase classname="tests.test_telemetry.TestReadings" name="test_readings_returns_ingested" time="0.051" /><testcase classname="tests.test_telemetry.TestAnomalies" name="test_anomalies_empty_when_none" time="0.051" /><testcase classname="tests.test_telemetry.TestTelemetryRLS" name="test_cross_tenant_readings_empty" time="0.081"><skipped type="pytest.xfail" message="DB user 'qaim' is a PostgreSQL superuser — RLS policies are bypassed" /></testcase></testsuite></testsuites>